This is pdfTeX, Version 3.141592653-2.6-1.40.27 (TeX Live 2025) (preloaded format=pdflatex)
 restricted \write18 enabled.
entering extended mode
(./github_tutorial_slides.tex
LaTeX2e <2024-11-01> patch level 2
L3 programming layer <2025-01-18>
(/usr/local/texlive/2025/texmf-dist/tex/latex/beamer/beamer.cls
Document Class: beamer 2025/02/04 v3.72 A class for typesetting presentations
(/usr/local/texlive/2025/texmf-dist/tex/latex/beamer/beamerbasemodes.sty
(/usr/local/texlive/2025/texmf-dist/tex/latex/etoolbox/etoolbox.sty)
(/usr/local/texlive/2025/texmf-dist/tex/latex/beamer/beamerbasedecode.sty))
(/usr/local/texlive/2025/texmf-dist/tex/generic/iftex/iftex.sty)
(/usr/local/texlive/2025/texmf-dist/tex/latex/beamer/beamerbaseoptions.sty
(/usr/local/texlive/2025/texmf-dist/tex/latex/graphics/keyval.sty))
(/usr/local/texlive/2025/texmf-dist/tex/latex/geometry/geometry.sty
(/usr/local/texlive/2025/texmf-dist/tex/generic/iftex/ifvtex.sty))
(/usr/local/texlive/2025/texmf-dist/tex/latex/pgf/math/pgfmath.sty
(/usr/local/texlive/2025/texmf-dist/tex/latex/pgf/utilities/pgfrcs.sty
(/usr/local/texlive/2025/texmf-dist/tex/generic/pgf/utilities/pgfutil-common.te
x)
(/usr/local/texlive/2025/texmf-dist/tex/generic/pgf/utilities/pgfutil-latex.def
) (/usr/local/texlive/2025/texmf-dist/tex/generic/pgf/utilities/pgfrcs.code.tex
(/usr/local/texlive/2025/texmf-dist/tex/generic/pgf/pgf.revision.tex)))
(/usr/local/texlive/2025/texmf-dist/tex/latex/pgf/utilities/pgfkeys.sty
(/usr/local/texlive/2025/texmf-dist/tex/generic/pgf/utilities/pgfkeys.code.tex
(/usr/local/texlive/2025/texmf-dist/tex/generic/pgf/utilities/pgfkeyslibraryfil
tered.code.tex)))
(/usr/local/texlive/2025/texmf-dist/tex/generic/pgf/math/pgfmath.code.tex
(/usr/local/texlive/2025/texmf-dist/tex/generic/pgf/math/pgfmathutil.code.tex)
(/usr/local/texlive/2025/texmf-dist/tex/generic/pgf/math/pgfmathparser.code.tex
)
(/usr/local/texlive/2025/texmf-dist/tex/generic/pgf/math/pgfmathfunctions.code.
tex)
(/usr/local/texlive/2025/texmf-dist/tex/generic/pgf/math/pgfmathfunctions.basic
.code.tex)
(/usr/local/texlive/2025/texmf-dist/tex/generic/pgf/math/pgfmathfunctions.trigo
nometric.code.tex)
(/usr/local/texlive/2025/texmf-dist/tex/generic/pgf/math/pgfmathfunctions.rando
m.code.tex)
(/usr/local/texlive/2025/texmf-dist/tex/generic/pgf/math/pgfmathfunctions.compa
rison.code.tex)
(/usr/local/texlive/2025/texmf-dist/tex/generic/pgf/math/pgfmathfunctions.base.
code.tex)
(/usr/local/texlive/2025/texmf-dist/tex/generic/pgf/math/pgfmathfunctions.round
.code.tex)
(/usr/local/texlive/2025/texmf-dist/tex/generic/pgf/math/pgfmathfunctions.misc.
code.tex)
(/usr/local/texlive/2025/texmf-dist/tex/generic/pgf/math/pgfmathfunctions.integ
erarithmetics.code.tex)
(/usr/local/texlive/2025/texmf-dist/tex/generic/pgf/math/pgfmathcalc.code.tex)
(/usr/local/texlive/2025/texmf-dist/tex/generic/pgf/math/pgfmathfloat.code.tex)
)) (/usr/local/texlive/2025/texmf-dist/tex/latex/base/size11.clo)
(/usr/local/texlive/2025/texmf-dist/tex/latex/pgf/basiclayer/pgfcore.sty
(/usr/local/texlive/2025/texmf-dist/tex/latex/graphics/graphicx.sty
(/usr/local/texlive/2025/texmf-dist/tex/latex/graphics/graphics.sty
(/usr/local/texlive/2025/texmf-dist/tex/latex/graphics/trig.sty)
(/usr/local/texlive/2025/texmf-dist/tex/latex/graphics-cfg/graphics.cfg)
(/usr/local/texlive/2025/texmf-dist/tex/latex/graphics-def/pdftex.def)))
(/usr/local/texlive/2025/texmf-dist/tex/latex/pgf/systemlayer/pgfsys.sty
(/usr/local/texlive/2025/texmf-dist/tex/generic/pgf/systemlayer/pgfsys.code.tex
(/usr/local/texlive/2025/texmf-dist/tex/generic/pgf/systemlayer/pgf.cfg)
(/usr/local/texlive/2025/texmf-dist/tex/generic/pgf/systemlayer/pgfsys-pdftex.d
ef
(/usr/local/texlive/2025/texmf-dist/tex/generic/pgf/systemlayer/pgfsys-common-p
df.def)))
(/usr/local/texlive/2025/texmf-dist/tex/generic/pgf/systemlayer/pgfsyssoftpath.
code.tex)
(/usr/local/texlive/2025/texmf-dist/tex/generic/pgf/systemlayer/pgfsysprotocol.
code.tex)) (/usr/local/texlive/2025/texmf-dist/tex/latex/xcolor/xcolor.sty
(/usr/local/texlive/2025/texmf-dist/tex/latex/graphics-cfg/color.cfg)
(/usr/local/texlive/2025/texmf-dist/tex/latex/graphics/mathcolor.ltx))
(/usr/local/texlive/2025/texmf-dist/tex/generic/pgf/basiclayer/pgfcore.code.tex
(/usr/local/texlive/2025/texmf-dist/tex/generic/pgf/math/pgfint.code.tex)
(/usr/local/texlive/2025/texmf-dist/tex/generic/pgf/basiclayer/pgfcorepoints.co
de.tex)
(/usr/local/texlive/2025/texmf-dist/tex/generic/pgf/basiclayer/pgfcorepathconst
ruct.code.tex)
(/usr/local/texlive/2025/texmf-dist/tex/generic/pgf/basiclayer/pgfcorepathusage
.code.tex)
(/usr/local/texlive/2025/texmf-dist/tex/generic/pgf/basiclayer/pgfcorescopes.co
de.tex)
(/usr/local/texlive/2025/texmf-dist/tex/generic/pgf/basiclayer/pgfcoregraphicst
ate.code.tex)
(/usr/local/texlive/2025/texmf-dist/tex/generic/pgf/basiclayer/pgfcoretransform
ations.code.tex)
(/usr/local/texlive/2025/texmf-dist/tex/generic/pgf/basiclayer/pgfcorequick.cod
e.tex)
(/usr/local/texlive/2025/texmf-dist/tex/generic/pgf/basiclayer/pgfcoreobjects.c
ode.tex)
(/usr/local/texlive/2025/texmf-dist/tex/generic/pgf/basiclayer/pgfcorepathproce
ssing.code.tex)
(/usr/local/texlive/2025/texmf-dist/tex/generic/pgf/basiclayer/pgfcorearrows.co
de.tex)
(/usr/local/texlive/2025/texmf-dist/tex/generic/pgf/basiclayer/pgfcoreshade.cod
e.tex)
(/usr/local/texlive/2025/texmf-dist/tex/generic/pgf/basiclayer/pgfcoreimage.cod
e.tex)
(/usr/local/texlive/2025/texmf-dist/tex/generic/pgf/basiclayer/pgfcoreexternal.
code.tex)
(/usr/local/texlive/2025/texmf-dist/tex/generic/pgf/basiclayer/pgfcorelayers.co
de.tex)
(/usr/local/texlive/2025/texmf-dist/tex/generic/pgf/basiclayer/pgfcoretranspare
ncy.code.tex)
(/usr/local/texlive/2025/texmf-dist/tex/generic/pgf/basiclayer/pgfcorepatterns.
code.tex)
(/usr/local/texlive/2025/texmf-dist/tex/generic/pgf/basiclayer/pgfcorerdf.code.
tex))) (/usr/local/texlive/2025/texmf-dist/tex/latex/pgf/utilities/xxcolor.sty)
 (/usr/local/texlive/2025/texmf-dist/tex/latex/base/atbegshi-ltx.sty)
(/usr/local/texlive/2025/texmf-dist/tex/latex/hyperref/hyperref.sty
(/usr/local/texlive/2025/texmf-dist/tex/latex/kvsetkeys/kvsetkeys.sty)
(/usr/local/texlive/2025/texmf-dist/tex/generic/kvdefinekeys/kvdefinekeys.sty)
(/usr/local/texlive/2025/texmf-dist/tex/generic/pdfescape/pdfescape.sty
(/usr/local/texlive/2025/texmf-dist/tex/generic/ltxcmds/ltxcmds.sty)
(/usr/local/texlive/2025/texmf-dist/tex/generic/pdftexcmds/pdftexcmds.sty
(/usr/local/texlive/2025/texmf-dist/tex/generic/infwarerr/infwarerr.sty)))
(/usr/local/texlive/2025/texmf-dist/tex/latex/hycolor/hycolor.sty)
(/usr/local/texlive/2025/texmf-dist/tex/latex/hyperref/nameref.sty
(/usr/local/texlive/2025/texmf-dist/tex/latex/refcount/refcount.sty)
(/usr/local/texlive/2025/texmf-dist/tex/generic/gettitlestring/gettitlestring.s
ty (/usr/local/texlive/2025/texmf-dist/tex/latex/kvoptions/kvoptions.sty)))
(/usr/local/texlive/2025/texmf-dist/tex/generic/stringenc/stringenc.sty)
(/usr/local/texlive/2025/texmf-dist/tex/latex/hyperref/pd1enc.def)
(/usr/local/texlive/2025/texmf-dist/tex/generic/intcalc/intcalc.sty)
(/usr/local/texlive/2025/texmf-dist/tex/latex/hyperref/puenc.def)
(/usr/local/texlive/2025/texmf-dist/tex/latex/url/url.sty)
(/usr/local/texlive/2025/texmf-dist/tex/generic/bitset/bitset.sty
(/usr/local/texlive/2025/texmf-dist/tex/generic/bigintcalc/bigintcalc.sty))

Package hyperref Message: Stopped early.

) (/usr/local/texlive/2025/texmf-dist/tex/latex/hyperref/hpdftex.def
(/usr/local/texlive/2025/texmf-dist/tex/latex/base/atveryend-ltx.sty)
(/usr/local/texlive/2025/texmf-dist/tex/latex/rerunfilecheck/rerunfilecheck.sty

(/usr/local/texlive/2025/texmf-dist/tex/generic/uniquecounter/uniquecounter.sty
))) (/usr/local/texlive/2025/texmf-dist/tex/latex/beamer/beamerbaserequires.sty

(/usr/local/texlive/2025/texmf-dist/tex/latex/beamer/beamerbasecompatibility.st
y) (/usr/local/texlive/2025/texmf-dist/tex/latex/beamer/beamerbasefont.sty
(/usr/local/texlive/2025/texmf-dist/tex/latex/amsfonts/amssymb.sty
(/usr/local/texlive/2025/texmf-dist/tex/latex/amsfonts/amsfonts.sty))
(/usr/local/texlive/2025/texmf-dist/tex/latex/sansmathaccent/sansmathaccent.sty
(/usr/local/texlive/2025/texmf-dist/tex/latex/koma-script/scrlfile.sty
(/usr/local/texlive/2025/texmf-dist/tex/latex/koma-script/scrlfile-hook.sty
(/usr/local/texlive/2025/texmf-dist/tex/latex/koma-script/scrlogo.sty)))))
(/usr/local/texlive/2025/texmf-dist/tex/latex/beamer/beamerbasetranslator.sty
(/usr/local/texlive/2025/texmf-dist/tex/latex/translator/translator.sty))
(/usr/local/texlive/2025/texmf-dist/tex/latex/beamer/beamerbasemisc.sty)
(/usr/local/texlive/2025/texmf-dist/tex/latex/beamer/beamerbasetwoscreens.sty)
(/usr/local/texlive/2025/texmf-dist/tex/latex/beamer/beamerbaseoverlay.sty)
(/usr/local/texlive/2025/texmf-dist/tex/latex/beamer/beamerbasetitle.sty)
(/usr/local/texlive/2025/texmf-dist/tex/latex/beamer/beamerbasesection.sty)
(/usr/local/texlive/2025/texmf-dist/tex/latex/beamer/beamerbaseframe.sty)
(/usr/local/texlive/2025/texmf-dist/tex/latex/beamer/beamerbaseverbatim.sty)
(/usr/local/texlive/2025/texmf-dist/tex/latex/beamer/beamerbaseframesize.sty)
(/usr/local/texlive/2025/texmf-dist/tex/latex/beamer/beamerbaseframecomponents.
sty) (/usr/local/texlive/2025/texmf-dist/tex/latex/beamer/beamerbasecolor.sty)
(/usr/local/texlive/2025/texmf-dist/tex/latex/beamer/beamerbasenotes.sty)
(/usr/local/texlive/2025/texmf-dist/tex/latex/beamer/beamerbasetoc.sty)
(/usr/local/texlive/2025/texmf-dist/tex/latex/beamer/beamerbasetemplates.sty
(/usr/local/texlive/2025/texmf-dist/tex/latex/beamer/beamerbaseauxtemplates.sty
(/usr/local/texlive/2025/texmf-dist/tex/latex/beamer/beamerbaseboxes.sty)))
(/usr/local/texlive/2025/texmf-dist/tex/latex/beamer/beamerbaselocalstructure.s
ty (/usr/local/texlive/2025/texmf-dist/tex/latex/tools/enumerate.sty))
(/usr/local/texlive/2025/texmf-dist/tex/latex/beamer/beamerbasenavigation.sty
(/usr/local/texlive/2025/texmf-dist/tex/latex/beamer/beamerbasenavigationsymbol
s.tex))
(/usr/local/texlive/2025/texmf-dist/tex/latex/beamer/beamerbasetheorems.sty
(/usr/local/texlive/2025/texmf-dist/tex/latex/amsmath/amsmath.sty
For additional information on amsmath, use the `?' option.
(/usr/local/texlive/2025/texmf-dist/tex/latex/amsmath/amstext.sty
(/usr/local/texlive/2025/texmf-dist/tex/latex/amsmath/amsgen.sty))
(/usr/local/texlive/2025/texmf-dist/tex/latex/amsmath/amsbsy.sty)
(/usr/local/texlive/2025/texmf-dist/tex/latex/amsmath/amsopn.sty))
(/usr/local/texlive/2025/texmf-dist/tex/latex/amscls/amsthm.sty))
(/usr/local/texlive/2025/texmf-dist/tex/latex/beamer/beamerbasethemes.sty))
(/usr/local/texlive/2025/texmf-dist/tex/latex/beamer/beamerthemedefault.sty
(/usr/local/texlive/2025/texmf-dist/tex/latex/beamer/beamerfontthemedefault.sty
)
(/usr/local/texlive/2025/texmf-dist/tex/latex/beamer/beamercolorthemedefault.st
y)
(/usr/local/texlive/2025/texmf-dist/tex/latex/beamer/beamerinnerthemedefault.st
y)
(/usr/local/texlive/2025/texmf-dist/tex/latex/beamer/beamerouterthemedefault.st
y))) (/usr/local/texlive/2025/texmf-dist/tex/latex/listings/listings.sty
(/usr/local/texlive/2025/texmf-dist/tex/latex/listings/lstpatch.sty)
(/usr/local/texlive/2025/texmf-dist/tex/latex/listings/lstmisc.sty)
(/usr/local/texlive/2025/texmf-dist/tex/latex/listings/listings.cfg))
(/usr/local/texlive/2025/texmf-dist/tex/latex/booktabs/booktabs.sty)
(/usr/local/texlive/2025/texmf-dist/tex/latex/pgf/frontendlayer/tikz.sty
(/usr/local/texlive/2025/texmf-dist/tex/latex/pgf/basiclayer/pgf.sty
(/usr/local/texlive/2025/texmf-dist/tex/generic/pgf/modules/pgfmoduleshapes.cod
e.tex)
(/usr/local/texlive/2025/texmf-dist/tex/generic/pgf/modules/pgfmoduleplot.code.
tex)
(/usr/local/texlive/2025/texmf-dist/tex/latex/pgf/compatibility/pgfcomp-version
-0-65.sty)
(/usr/local/texlive/2025/texmf-dist/tex/latex/pgf/compatibility/pgfcomp-version
-1-18.sty))
(/usr/local/texlive/2025/texmf-dist/tex/latex/pgf/utilities/pgffor.sty
(/usr/local/texlive/2025/texmf-dist/tex/generic/pgf/utilities/pgffor.code.tex))

(/usr/local/texlive/2025/texmf-dist/tex/generic/pgf/frontendlayer/tikz/tikz.cod
e.tex
(/usr/local/texlive/2025/texmf-dist/tex/generic/pgf/libraries/pgflibraryplothan
dlers.code.tex)
(/usr/local/texlive/2025/texmf-dist/tex/generic/pgf/modules/pgfmodulematrix.cod
e.tex)
(/usr/local/texlive/2025/texmf-dist/tex/generic/pgf/frontendlayer/tikz/librarie
s/tikzlibrarytopaths.code.tex)))
(/usr/local/texlive/2025/texmf-dist/tex/latex/fontawesome5/fontawesome5.sty
(/usr/local/texlive/2025/texmf-dist/tex/latex/l3kernel/expl3.sty
(/usr/local/texlive/2025/texmf-dist/tex/latex/l3backend/l3backend-pdftex.def))
(/usr/local/texlive/2025/texmf-dist/tex/latex/l3packages/l3keys2e/l3keys2e.sty)
 (/usr/local/texlive/2025/texmf-dist/tex/latex/l3packages/xparse/xparse.sty)
(/usr/local/texlive/2025/texmf-dist/tex/latex/fontawesome5/fontawesome5-generic
-helper.sty
(/usr/local/texlive/2025/texmf-dist/tex/latex/fontawesome5/fontawesome5-mapping
.def))) (/usr/local/texlive/2025/texmf-dist/tex/latex/base/textcomp.sty)
(./beamerthemeutk.sty
(/usr/local/texlive/2025/texmf-dist/tex/latex/psnfss/helvet.sty)
(/usr/local/texlive/2025/texmf-dist/tex/latex/base/fontenc.sty
(/usr/local/texlive/2025/texmf-dist/tex/latex/psnfss/t1phv.fd))
(/usr/local/texlive/2025/texmf-dist/tex/latex/beamer/beamerinnerthemerounded.st
y)) (/usr/local/texlive/2025/texmf-dist/tex/latex/pgf/utilities/pgfpages.sty
(/usr/local/texlive/2025/texmf-dist/tex/latex/tools/calc.sty))
(./github_tutorial_slides.aux)
*geometry* driver: auto-detecting
*geometry* detected driver: pdftex
(/usr/local/texlive/2025/texmf-dist/tex/context/base/mkii/supp-pdf.mkii
[Loading MPS to PDF converter (version 2006.09.02).]
) (/usr/local/texlive/2025/texmf-dist/tex/latex/epstopdf-pkg/epstopdf-base.sty
(/usr/local/texlive/2025/texmf-dist/tex/latex/latexconfig/epstopdf-sys.cfg))
(./github_tutorial_slides.out) (./github_tutorial_slides.out)
(/usr/local/texlive/2025/texmf-dist/tex/latex/translator/translator-basic-dicti
onary-English.dict)
(/usr/local/texlive/2025/texmf-dist/tex/latex/translator/translator-bibliograph
y-dictionary-English.dict)
(/usr/local/texlive/2025/texmf-dist/tex/latex/translator/translator-environment
-dictionary-English.dict)
(/usr/local/texlive/2025/texmf-dist/tex/latex/translator/translator-months-dict
ionary-English.dict)
(/usr/local/texlive/2025/texmf-dist/tex/latex/translator/translator-numbers-dic
tionary-English.dict)
(/usr/local/texlive/2025/texmf-dist/tex/latex/translator/translator-theorem-dic
tionary-English.dict) (./github_tutorial_slides.nav)
(/usr/local/texlive/2025/texmf-dist/tex/latex/amsfonts/umsa.fd)
(/usr/local/texlive/2025/texmf-dist/tex/latex/amsfonts/umsb.fd)


[2{/usr/local/texlive/2025/texmf-var/fonts/map/pdftex/updmap/pdftex.map}{/usr/l
ocal/texlive/2025/texmf-dist/fonts/enc/dvips/base/8r.enc}
pdfTeX warning (ext4): destination with the same identifier (name{Navigation1})
 has been already used, duplicate ignored

\pgfpages@shipoutshipoutbox ...physicalpagesizes }
                                                  \endgroup 
l.99 \end{frame}
                
pdfTeX warning (ext4): destination with the same identifier (name{page.1}) has 
been already used, duplicate ignored

\pgfpages@shipoutshipoutbox ...physicalpagesizes }
                                                  \endgroup 
l.99 \end{frame}
                 <./utkbeamerfront.png>]
(/usr/local/texlive/2025/texmf-dist/tex/latex/psnfss/ts1phv.fd)

[3
pdfTeX warning (ext4): destination with the same identifier (name{Navigation2})
 has been already used, duplicate ignored

\pgfpages@shipoutshipoutbox ...physicalpagesizes }
                                                  \endgroup 
l.135 \end{frame}
                 
pdfTeX warning (ext4): destination with the same identifier (name{page.2}) has 
been already used, duplicate ignored

\pgfpages@shipoutshipoutbox ...physicalpagesizes }
                                                  \endgroup 
l.135 \end{frame}
                  <./utkbeamerbottom.png (PNG copy)>]

[4{/usr/local/texlive/2025/texmf-dist/fonts/enc/dvips/cm-super/cm-super-t1.enc}

pdfTeX warning (ext4): destination with the same identifier (name{Navigation3})
 has been already used, duplicate ignored

\pgfpages@shipoutshipoutbox ...physicalpagesizes }
                                                  \endgroup 
l.161 \end{frame}
                 
pdfTeX warning (ext4): destination with the same identifier (name{page.3}) has 
been already used, duplicate ignored

\pgfpages@shipoutshipoutbox ...physicalpagesizes }
                                                  \endgroup 
l.161 \end{frame}
                 ]

[5
pdfTeX warning (ext4): destination with the same identifier (name{Navigation4})
 has been already used, duplicate ignored

\pgfpages@shipoutshipoutbox ...physicalpagesizes }
                                                  \endgroup 
l.173 \end{frame}
                 
pdfTeX warning (ext4): destination with the same identifier (name{page.4}) has 
been already used, duplicate ignored

\pgfpages@shipoutshipoutbox ...physicalpagesizes }
                                                  \endgroup 
l.173 \end{frame}
                 ]
(./github_tutorial_slides.vrb)
[6
pdfTeX warning (ext4): destination with the same identifier (name{Navigation5})
 has been already used, duplicate ignored

\pgfpages@shipoutshipoutbox ...physicalpagesizes }
                                                  \endgroup 
l.196 \end{frame}
                 
pdfTeX warning (ext4): destination with the same identifier (name{page.5}) has 
been already used, duplicate ignored

\pgfpages@shipoutshipoutbox ...physicalpagesizes }
                                                  \endgroup 
l.196 \end{frame}
                 ]

(./github_tutorial_slides.vrb)
[7
pdfTeX warning (ext4): destination with the same identifier (name{Navigation6})
 has been already used, duplicate ignored

\pgfpages@shipoutshipoutbox ...physicalpagesizes }
                                                  \endgroup 
l.227 \end{frame}
                 
pdfTeX warning (ext4): destination with the same identifier (name{page.6}) has 
been already used, duplicate ignored

\pgfpages@shipoutshipoutbox ...physicalpagesizes }
                                                  \endgroup 
l.227 \end{frame}
                 ]

[8
pdfTeX warning (ext4): destination with the same identifier (name{Navigation7})
 has been already used, duplicate ignored

\pgfpages@shipoutshipoutbox ...physicalpagesizes }
                                                  \endgroup 
l.243 \end{frame}
                 
pdfTeX warning (ext4): destination with the same identifier (name{page.7}) has 
been already used, duplicate ignored

\pgfpages@shipoutshipoutbox ...physicalpagesizes }
                                                  \endgroup 
l.243 \end{frame}
                 ]
(./github_tutorial_slides.vrb)
[9
pdfTeX warning (ext4): destination with the same identifier (name{Navigation8})
 has been already used, duplicate ignored

\pgfpages@shipoutshipoutbox ...physicalpagesizes }
                                                  \endgroup 
l.273 \end{frame}
                 
pdfTeX warning (ext4): destination with the same identifier (name{page.8}) has 
been already used, duplicate ignored

\pgfpages@shipoutshipoutbox ...physicalpagesizes }
                                                  \endgroup 
l.273 \end{frame}
                 ]

[10
pdfTeX warning (ext4): destination with the same identifier (name{Navigation9})
 has been already used, duplicate ignored

\pgfpages@shipoutshipoutbox ...physicalpagesizes }
                                                  \endgroup 
l.299 \end{frame}
                 
pdfTeX warning (ext4): destination with the same identifier (name{page.9}) has 
been already used, duplicate ignored

\pgfpages@shipoutshipoutbox ...physicalpagesizes }
                                                  \endgroup 
l.299 \end{frame}
                 ]

(/usr/local/texlive/2025/texmf-dist/tex/latex/fontawesome5/ufontawesomefree0.fd
)
[11
pdfTeX warning (ext4): destination with the same identifier (name{Navigation10}
) has been already used, duplicate ignored

\pgfpages@shipoutshipoutbox ...physicalpagesizes }
                                                  \endgroup 
l.313 \end{frame}
                 
pdfTeX warning (ext4): destination with the same identifier (name{page.10}) has
 been already used, duplicate ignored

\pgfpages@shipoutshipoutbox ...physicalpagesizes }
                                                  \endgroup 
l.313 \end{frame}
                 ]

[12{/usr/local/texlive/2025/texmf-dist/fonts/enc/dvips/fontawesome5/fa5free0.en
c}
pdfTeX warning (ext4): destination with the same identifier (name{Navigation11}
) has been already used, duplicate ignored

\pgfpages@shipoutshipoutbox ...physicalpagesizes }
                                                  \endgroup 
l.325 \end{frame}
                 
pdfTeX warning (ext4): destination with the same identifier (name{page.11}) has
 been already used, duplicate ignored

\pgfpages@shipoutshipoutbox ...physicalpagesizes }
                                                  \endgroup 
l.325 \end{frame}
                 ]

[13
pdfTeX warning (ext4): destination with the same identifier (name{Navigation12}
) has been already used, duplicate ignored

\pgfpages@shipoutshipoutbox ...physicalpagesizes }
                                                  \endgroup 
l.362 \end{frame}
                 
pdfTeX warning (ext4): destination with the same identifier (name{page.12}) has
 been already used, duplicate ignored

\pgfpages@shipoutshipoutbox ...physicalpagesizes }
                                                  \endgroup 
l.362 \end{frame}
                 ]
(./github_tutorial_slides.vrb
(/usr/local/texlive/2025/texmf-dist/tex/latex/fontawesome5/ufontawesomefree2.fd
))
[14
pdfTeX warning (ext4): destination with the same identifier (name{Navigation13}
) has been already used, duplicate ignored

\pgfpages@shipoutshipoutbox ...physicalpagesizes }
                                                  \endgroup 
l.385 \end{frame}
                 
pdfTeX warning (ext4): destination with the same identifier (name{page.13}) has
 been already used, duplicate ignored

\pgfpages@shipoutshipoutbox ...physicalpagesizes }
                                                  \endgroup 
l.385 \end{frame}
                 ]
(./github_tutorial_slides.vrb)
[15{/usr/local/texlive/2025/texmf-dist/fonts/enc/dvips/fontawesome5/fa5free2.en
c}
pdfTeX warning (ext4): destination with the same identifier (name{Navigation14}
) has been already used, duplicate ignored

\pgfpages@shipoutshipoutbox ...physicalpagesizes }
                                                  \endgroup 
l.406 \end{frame}
                 
pdfTeX warning (ext4): destination with the same identifier (name{page.14}) has
 been already used, duplicate ignored

\pgfpages@shipoutshipoutbox ...physicalpagesizes }
                                                  \endgroup 
l.406 \end{frame}
                 ]
(./github_tutorial_slides.vrb)
[16
pdfTeX warning (ext4): destination with the same identifier (name{Navigation15}
) has been already used, duplicate ignored

\pgfpages@shipoutshipoutbox ...physicalpagesizes }
                                                  \endgroup 
l.430 \end{frame}
                 
pdfTeX warning (ext4): destination with the same identifier (name{page.15}) has
 been already used, duplicate ignored

\pgfpages@shipoutshipoutbox ...physicalpagesizes }
                                                  \endgroup 
l.430 \end{frame}
                 ]
(./github_tutorial_slides.vrb)
[17
pdfTeX warning (ext4): destination with the same identifier (name{Navigation16}
) has been already used, duplicate ignored

\pgfpages@shipoutshipoutbox ...physicalpagesizes }
                                                  \endgroup 
l.445 \end{frame}
                 
pdfTeX warning (ext4): destination with the same identifier (name{page.16}) has
 been already used, duplicate ignored

\pgfpages@shipoutshipoutbox ...physicalpagesizes }
                                                  \endgroup 
l.445 \end{frame}
                 ]
(./github_tutorial_slides.vrb)
[18
pdfTeX warning (ext4): destination with the same identifier (name{Navigation17}
) has been already used, duplicate ignored

\pgfpages@shipoutshipoutbox ...physicalpagesizes }
                                                  \endgroup 
l.468 \end{frame}
                 
pdfTeX warning (ext4): destination with the same identifier (name{page.17}) has
 been already used, duplicate ignored

\pgfpages@shipoutshipoutbox ...physicalpagesizes }
                                                  \endgroup 
l.468 \end{frame}
                 ]
(./github_tutorial_slides.vrb)
[19
pdfTeX warning (ext4): destination with the same identifier (name{Navigation18}
) has been already used, duplicate ignored

\pgfpages@shipoutshipoutbox ...physicalpagesizes }
                                                  \endgroup 
l.497 \end{frame}
                 
pdfTeX warning (ext4): destination with the same identifier (name{page.18}) has
 been already used, duplicate ignored

\pgfpages@shipoutshipoutbox ...physicalpagesizes }
                                                  \endgroup 
l.497 \end{frame}
                 ]
(./github_tutorial_slides.vrb
Overfull \hbox (86.1209pt too wide) in paragraph at lines 24--25
[][][][][][][][][][][][][][][][][][][][][][][][][] 
)
[20
pdfTeX warning (ext4): destination with the same identifier (name{Navigation19}
) has been already used, duplicate ignored

\pgfpages@shipoutshipoutbox ...physicalpagesizes }
                                                  \endgroup 
l.528 \end{frame}
                 
pdfTeX warning (ext4): destination with the same identifier (name{page.19}) has
 been already used, duplicate ignored

\pgfpages@shipoutshipoutbox ...physicalpagesizes }
                                                  \endgroup 
l.528 \end{frame}
                 ]

Overfull \hbox (6.09032pt too wide) in paragraph at lines 562--562
 [] 

[21
pdfTeX warning (ext4): destination with the same identifier (name{Navigation20}
) has been already used, duplicate ignored

\pgfpages@shipoutshipoutbox ...physicalpagesizes }
                                                  \endgroup 
l.562 \end{frame}
                 
pdfTeX warning (ext4): destination with the same identifier (name{page.20}) has
 been already used, duplicate ignored

\pgfpages@shipoutshipoutbox ...physicalpagesizes }
                                                  \endgroup 
l.562 \end{frame}
                 ]

[22
pdfTeX warning (ext4): destination with the same identifier (name{Navigation21}
) has been already used, duplicate ignored

\pgfpages@shipoutshipoutbox ...physicalpagesizes }
                                                  \endgroup 
l.578 \end{frame}
                 
pdfTeX warning (ext4): destination with the same identifier (name{page.21}) has
 been already used, duplicate ignored

\pgfpages@shipoutshipoutbox ...physicalpagesizes }
                                                  \endgroup 
l.578 \end{frame}
                 ]

[23
pdfTeX warning (ext4): destination with the same identifier (name{Navigation22}
) has been already used, duplicate ignored

\pgfpages@shipoutshipoutbox ...physicalpagesizes }
                                                  \endgroup 
l.590 \end{frame}
                 
pdfTeX warning (ext4): destination with the same identifier (name{page.22}) has
 been already used, duplicate ignored

\pgfpages@shipoutshipoutbox ...physicalpagesizes }
                                                  \endgroup 
l.590 \end{frame}
                 ]

[24
pdfTeX warning (ext4): destination with the same identifier (name{Navigation23}
) has been already used, duplicate ignored

\pgfpages@shipoutshipoutbox ...physicalpagesizes }
                                                  \endgroup 
l.610 \end{frame}
                 
pdfTeX warning (ext4): destination with the same identifier (name{page.23}) has
 been already used, duplicate ignored

\pgfpages@shipoutshipoutbox ...physicalpagesizes }
                                                  \endgroup 
l.610 \end{frame}
                 ]

[25
pdfTeX warning (ext4): destination with the same identifier (name{Navigation24}
) has been already used, duplicate ignored

\pgfpages@shipoutshipoutbox ...physicalpagesizes }
                                                  \endgroup 
l.626 \end{frame}
                 
pdfTeX warning (ext4): destination with the same identifier (name{page.24}) has
 been already used, duplicate ignored

\pgfpages@shipoutshipoutbox ...physicalpagesizes }
                                                  \endgroup 
l.626 \end{frame}
                 ]
(./github_tutorial_slides.vrb)
[26
pdfTeX warning (ext4): destination with the same identifier (name{Navigation25}
) has been already used, duplicate ignored

\pgfpages@shipoutshipoutbox ...physicalpagesizes }
                                                  \endgroup 
l.649 \end{frame}
                 
pdfTeX warning (ext4): destination with the same identifier (name{page.25}) has
 been already used, duplicate ignored

\pgfpages@shipoutshipoutbox ...physicalpagesizes }
                                                  \endgroup 
l.649 \end{frame}
                 ]
(./github_tutorial_slides.vrb)
[27
pdfTeX warning (ext4): destination with the same identifier (name{Navigation26}
) has been already used, duplicate ignored

\pgfpages@shipoutshipoutbox ...physicalpagesizes }
                                                  \endgroup 
l.667 \end{frame}
                 
pdfTeX warning (ext4): destination with the same identifier (name{page.26}) has
 been already used, duplicate ignored

\pgfpages@shipoutshipoutbox ...physicalpagesizes }
                                                  \endgroup 
l.667 \end{frame}
                 ]
(./github_tutorial_slides.vrb)
[28
pdfTeX warning (ext4): destination with the same identifier (name{Navigation27}
) has been already used, duplicate ignored

\pgfpages@shipoutshipoutbox ...physicalpagesizes }
                                                  \endgroup 
l.693 \end{frame}
                 
pdfTeX warning (ext4): destination with the same identifier (name{page.27}) has
 been already used, duplicate ignored

\pgfpages@shipoutshipoutbox ...physicalpagesizes }
                                                  \endgroup 
l.693 \end{frame}
                 ]

[29
pdfTeX warning (ext4): destination with the same identifier (name{Navigation28}
) has been already used, duplicate ignored

\pgfpages@shipoutshipoutbox ...physicalpagesizes }
                                                  \endgroup 
l.711 \end{frame}
                 
pdfTeX warning (ext4): destination with the same identifier (name{page.28}) has
 been already used, duplicate ignored

\pgfpages@shipoutshipoutbox ...physicalpagesizes }
                                                  \endgroup 
l.711 \end{frame}
                 ]

[30
pdfTeX warning (ext4): destination with the same identifier (name{Navigation29}
) has been already used, duplicate ignored

\pgfpages@shipoutshipoutbox ...physicalpagesizes }
                                                  \endgroup 
l.725 \end{frame}
                 
pdfTeX warning (ext4): destination with the same identifier (name{page.29}) has
 been already used, duplicate ignored

\pgfpages@shipoutshipoutbox ...physicalpagesizes }
                                                  \endgroup 
l.725 \end{frame}
                 ]

[31
pdfTeX warning (ext4): destination with the same identifier (name{Navigation30}
) has been already used, duplicate ignored

\pgfpages@shipoutshipoutbox ...physicalpagesizes }
                                                  \endgroup 
l.737 \end{frame}
                 
pdfTeX warning (ext4): destination with the same identifier (name{page.30}) has
 been already used, duplicate ignored

\pgfpages@shipoutshipoutbox ...physicalpagesizes }
                                                  \endgroup 
l.737 \end{frame}
                 ]

[32
pdfTeX warning (ext4): destination with the same identifier (name{Navigation31}
) has been already used, duplicate ignored

\pgfpages@shipoutshipoutbox ...physicalpagesizes }
                                                  \endgroup 
l.779 \end{frame}
                 
pdfTeX warning (ext4): destination with the same identifier (name{page.31}) has
 been already used, duplicate ignored

\pgfpages@shipoutshipoutbox ...physicalpagesizes }
                                                  \endgroup 
l.779 \end{frame}
                 ]
(./github_tutorial_slides.vrb)
[33
pdfTeX warning (ext4): destination with the same identifier (name{Navigation32}
) has been already used, duplicate ignored

\pgfpages@shipoutshipoutbox ...physicalpagesizes }
                                                  \endgroup 
l.799 \end{frame}
                 
pdfTeX warning (ext4): destination with the same identifier (name{page.32}) has
 been already used, duplicate ignored

\pgfpages@shipoutshipoutbox ...physicalpagesizes }
                                                  \endgroup 
l.799 \end{frame}
                 ]
(./github_tutorial_slides.vrb)
[34
pdfTeX warning (ext4): destination with the same identifier (name{Navigation33}
) has been already used, duplicate ignored

\pgfpages@shipoutshipoutbox ...physicalpagesizes }
                                                  \endgroup 
l.823 \end{frame}
                 
pdfTeX warning (ext4): destination with the same identifier (name{page.33}) has
 been already used, duplicate ignored

\pgfpages@shipoutshipoutbox ...physicalpagesizes }
                                                  \endgroup 
l.823 \end{frame}
                 ]
(./github_tutorial_slides.vrb)
[35
pdfTeX warning (ext4): destination with the same identifier (name{Navigation34}
) has been already used, duplicate ignored

\pgfpages@shipoutshipoutbox ...physicalpagesizes }
                                                  \endgroup 
l.856 \end{frame}
                 
pdfTeX warning (ext4): destination with the same identifier (name{page.34}) has
 been already used, duplicate ignored

\pgfpages@shipoutshipoutbox ...physicalpagesizes }
                                                  \endgroup 
l.856 \end{frame}
                 ]
(./github_tutorial_slides.vrb)
Overfull \vbox (32.36758pt too high) detected at line 889

[36
pdfTeX warning (ext4): destination with the same identifier (name{Navigation35}
) has been already used, duplicate ignored

\pgfpages@shipoutshipoutbox ...physicalpagesizes }
                                                  \endgroup 
l.889 \end{frame}
                 
pdfTeX warning (ext4): destination with the same identifier (name{page.35}) has
 been already used, duplicate ignored

\pgfpages@shipoutshipoutbox ...physicalpagesizes }
                                                  \endgroup 
l.889 \end{frame}
                 ]

[37
pdfTeX warning (ext4): destination with the same identifier (name{Navigation36}
) has been already used, duplicate ignored

\pgfpages@shipoutshipoutbox ...physicalpagesizes }
                                                  \endgroup 
l.919 \end{frame}
                 
pdfTeX warning (ext4): destination with the same identifier (name{page.36}) has
 been already used, duplicate ignored

\pgfpages@shipoutshipoutbox ...physicalpagesizes }
                                                  \endgroup 
l.919 \end{frame}
                 ]

[38
pdfTeX warning (ext4): destination with the same identifier (name{Navigation37}
) has been already used, duplicate ignored

\pgfpages@shipoutshipoutbox ...physicalpagesizes }
                                                  \endgroup 
l.963 \end{frame}
                 
pdfTeX warning (ext4): destination with the same identifier (name{page.37}) has
 been already used, duplicate ignored

\pgfpages@shipoutshipoutbox ...physicalpagesizes }
                                                  \endgroup 
l.963 \end{frame}
                 ]

[39
pdfTeX warning (ext4): destination with the same identifier (name{Navigation38}
) has been already used, duplicate ignored

\pgfpages@shipoutshipoutbox ...physicalpagesizes }
                                                  \endgroup 
l.983 \end{frame}
                 
pdfTeX warning (ext4): destination with the same identifier (name{page.38}) has
 been already used, duplicate ignored

\pgfpages@shipoutshipoutbox ...physicalpagesizes }
                                                  \endgroup 
l.983 \end{frame}
                 ]

[40
pdfTeX warning (ext4): destination with the same identifier (name{Navigation39}
) has been already used, duplicate ignored

\pgfpages@shipoutshipoutbox ...physicalpagesizes }
                                                  \endgroup 
l.995 \end{frame}
                 
pdfTeX warning (ext4): destination with the same identifier (name{page.39}) has
 been already used, duplicate ignored

\pgfpages@shipoutshipoutbox ...physicalpagesizes }
                                                  \endgroup 
l.995 \end{frame}
                 ]

[41
pdfTeX warning (ext4): destination with the same identifier (name{Navigation40}
) has been already used, duplicate ignored

\pgfpages@shipoutshipoutbox ...physicalpagesizes }
                                                  \endgroup 
l.1014 \end{frame}
                  
pdfTeX warning (ext4): destination with the same identifier (name{page.40}) has
 been already used, duplicate ignored

\pgfpages@shipoutshipoutbox ...physicalpagesizes }
                                                  \endgroup 
l.1014 \end{frame}
                  ]
(./github_tutorial_slides.vrb)
Overfull \vbox (2.92488pt too high) detected at line 1044

[42
pdfTeX warning (ext4): destination with the same identifier (name{Navigation41}
) has been already used, duplicate ignored

\pgfpages@shipoutshipoutbox ...physicalpagesizes }
                                                  \endgroup 
l.1044 \end{frame}
                  
pdfTeX warning (ext4): destination with the same identifier (name{page.41}) has
 been already used, duplicate ignored

\pgfpages@shipoutshipoutbox ...physicalpagesizes }
                                                  \endgroup 
l.1044 \end{frame}
                  ]

[43
pdfTeX warning (ext4): destination with the same identifier (name{Navigation42}
) has been already used, duplicate ignored

\pgfpages@shipoutshipoutbox ...physicalpagesizes }
                                                  \endgroup 
l.1074 \end{frame}
                  
pdfTeX warning (ext4): destination with the same identifier (name{page.42}) has
 been already used, duplicate ignored

\pgfpages@shipoutshipoutbox ...physicalpagesizes }
                                                  \endgroup 
l.1074 \end{frame}
                  ]
(./github_tutorial_slides.vrb)
[44
pdfTeX warning (ext4): destination with the same identifier (name{Navigation43}
) has been already used, duplicate ignored

\pgfpages@shipoutshipoutbox ...physicalpagesizes }
                                                  \endgroup 
l.1104 \end{frame}
                  
pdfTeX warning (ext4): destination with the same identifier (name{page.43}) has
 been already used, duplicate ignored

\pgfpages@shipoutshipoutbox ...physicalpagesizes }
                                                  \endgroup 
l.1104 \end{frame}
                  ]

[45
pdfTeX warning (ext4): destination with the same identifier (name{Navigation44}
) has been already used, duplicate ignored

\pgfpages@shipoutshipoutbox ...physicalpagesizes }
                                                  \endgroup 
l.1128 \end{frame}
                  
pdfTeX warning (ext4): destination with the same identifier (name{page.44}) has
 been already used, duplicate ignored

\pgfpages@shipoutshipoutbox ...physicalpagesizes }
                                                  \endgroup 
l.1128 \end{frame}
                  ]
(./github_tutorial_slides.vrb)
[46
pdfTeX warning (ext4): destination with the same identifier (name{Navigation45}
) has been already used, duplicate ignored

\pgfpages@shipoutshipoutbox ...physicalpagesizes }
                                                  \endgroup 
l.1152 \end{frame}
                  
pdfTeX warning (ext4): destination with the same identifier (name{page.45}) has
 been already used, duplicate ignored

\pgfpages@shipoutshipoutbox ...physicalpagesizes }
                                                  \endgroup 
l.1152 \end{frame}
                  ]
(./github_tutorial_slides.vrb)
[47
pdfTeX warning (ext4): destination with the same identifier (name{Navigation46}
) has been already used, duplicate ignored

\pgfpages@shipoutshipoutbox ...physicalpagesizes }
                                                  \endgroup 
l.1180 \end{frame}
                  
pdfTeX warning (ext4): destination with the same identifier (name{page.46}) has
 been already used, duplicate ignored

\pgfpages@shipoutshipoutbox ...physicalpagesizes }
                                                  \endgroup 
l.1180 \end{frame}
                  ]

[48
pdfTeX warning (ext4): destination with the same identifier (name{Navigation47}
) has been already used, duplicate ignored

\pgfpages@shipoutshipoutbox ...physicalpagesizes }
                                                  \endgroup 
l.1201 \end{frame}
                  
pdfTeX warning (ext4): destination with the same identifier (name{page.47}) has
 been already used, duplicate ignored

\pgfpages@shipoutshipoutbox ...physicalpagesizes }
                                                  \endgroup 
l.1201 \end{frame}
                  ]

[49
pdfTeX warning (ext4): destination with the same identifier (name{Navigation48}
) has been already used, duplicate ignored

\pgfpages@shipoutshipoutbox ...physicalpagesizes }
                                                  \endgroup 
l.1213 \end{frame}
                  
pdfTeX warning (ext4): destination with the same identifier (name{page.48}) has
 been already used, duplicate ignored

\pgfpages@shipoutshipoutbox ...physicalpagesizes }
                                                  \endgroup 
l.1213 \end{frame}
                  ]
(./github_tutorial_slides.vrb)
[50
pdfTeX warning (ext4): destination with the same identifier (name{Navigation49}
) has been already used, duplicate ignored

\pgfpages@shipoutshipoutbox ...physicalpagesizes }
                                                  \endgroup 
l.1249 \end{frame}
                  
pdfTeX warning (ext4): destination with the same identifier (name{page.49}) has
 been already used, duplicate ignored

\pgfpages@shipoutshipoutbox ...physicalpagesizes }
                                                  \endgroup 
l.1249 \end{frame}
                  ]
(./github_tutorial_slides.vrb)
[51
pdfTeX warning (ext4): destination with the same identifier (name{Navigation50}
) has been already used, duplicate ignored

\pgfpages@shipoutshipoutbox ...physicalpagesizes }
                                                  \endgroup 
l.1274 \end{frame}
                  
pdfTeX warning (ext4): destination with the same identifier (name{page.50}) has
 been already used, duplicate ignored

\pgfpages@shipoutshipoutbox ...physicalpagesizes }
                                                  \endgroup 
l.1274 \end{frame}
                  ]
(./github_tutorial_slides.vrb)
[52
pdfTeX warning (ext4): destination with the same identifier (name{Navigation51}
) has been already used, duplicate ignored

\pgfpages@shipoutshipoutbox ...physicalpagesizes }
                                                  \endgroup 
l.1300 \end{frame}
                  
pdfTeX warning (ext4): destination with the same identifier (name{page.51}) has
 been already used, duplicate ignored

\pgfpages@shipoutshipoutbox ...physicalpagesizes }
                                                  \endgroup 
l.1300 \end{frame}
                  ]
(./github_tutorial_slides.vrb)
[53
pdfTeX warning (ext4): destination with the same identifier (name{Navigation52}
) has been already used, duplicate ignored

\pgfpages@shipoutshipoutbox ...physicalpagesizes }
                                                  \endgroup 
l.1330 \end{frame}
                  
pdfTeX warning (ext4): destination with the same identifier (name{page.52}) has
 been already used, duplicate ignored

\pgfpages@shipoutshipoutbox ...physicalpagesizes }
                                                  \endgroup 
l.1330 \end{frame}
                  ]
(./github_tutorial_slides.vrb
(/usr/local/texlive/2025/texmf-dist/tex/latex/fontawesome5/ufontawesomefree1.fd
))
Overfull \vbox (10.77345pt too high) detected at line 1362

[54
pdfTeX warning (ext4): destination with the same identifier (name{Navigation53}
) has been already used, duplicate ignored

\pgfpages@shipoutshipoutbox ...physicalpagesizes }
                                                  \endgroup 
l.1362 \end{frame}
                  
pdfTeX warning (ext4): destination with the same identifier (name{page.53}) has
 been already used, duplicate ignored

\pgfpages@shipoutshipoutbox ...physicalpagesizes }
                                                  \endgroup 
l.1362 \end{frame}
                  ]
(./github_tutorial_slides.vrb)
[55{/usr/local/texlive/2025/texmf-dist/fonts/enc/dvips/fontawesome5/fa5free1.en
c}
pdfTeX warning (ext4): destination with the same identifier (name{Navigation54}
) has been already used, duplicate ignored

\pgfpages@shipoutshipoutbox ...physicalpagesizes }
                                                  \endgroup 
l.1390 \end{frame}
                  
pdfTeX warning (ext4): destination with the same identifier (name{page.54}) has
 been already used, duplicate ignored

\pgfpages@shipoutshipoutbox ...physicalpagesizes }
                                                  \endgroup 
l.1390 \end{frame}
                  ]

[56
pdfTeX warning (ext4): destination with the same identifier (name{Navigation55}
) has been already used, duplicate ignored

\pgfpages@shipoutshipoutbox ...physicalpagesizes }
                                                  \endgroup 
l.1411 \end{frame}
                  
pdfTeX warning (ext4): destination with the same identifier (name{page.55}) has
 been already used, duplicate ignored

\pgfpages@shipoutshipoutbox ...physicalpagesizes }
                                                  \endgroup 
l.1411 \end{frame}
                  ]
(./github_tutorial_slides.vrb)
[57
pdfTeX warning (ext4): destination with the same identifier (name{Navigation56}
) has been already used, duplicate ignored

\pgfpages@shipoutshipoutbox ...physicalpagesizes }
                                                  \endgroup 
l.1437 \end{frame}
                  
pdfTeX warning (ext4): destination with the same identifier (name{page.56}) has
 been already used, duplicate ignored

\pgfpages@shipoutshipoutbox ...physicalpagesizes }
                                                  \endgroup 
l.1437 \end{frame}
                  ]
(./github_tutorial_slides.vrb)
[58
pdfTeX warning (ext4): destination with the same identifier (name{Navigation57}
) has been already used, duplicate ignored

\pgfpages@shipoutshipoutbox ...physicalpagesizes }
                                                  \endgroup 
l.1461 \end{frame}
                  
pdfTeX warning (ext4): destination with the same identifier (name{page.57}) has
 been already used, duplicate ignored

\pgfpages@shipoutshipoutbox ...physicalpagesizes }
                                                  \endgroup 
l.1461 \end{frame}
                  ]
(./github_tutorial_slides.vrb)
[59
pdfTeX warning (ext4): destination with the same identifier (name{Navigation58}
) has been already used, duplicate ignored

\pgfpages@shipoutshipoutbox ...physicalpagesizes }
                                                  \endgroup 
l.1491 \end{frame}
                  
pdfTeX warning (ext4): destination with the same identifier (name{page.58}) has
 been already used, duplicate ignored

\pgfpages@shipoutshipoutbox ...physicalpagesizes }
                                                  \endgroup 
l.1491 \end{frame}
                  ]

[60
pdfTeX warning (ext4): destination with the same identifier (name{Navigation59}
) has been already used, duplicate ignored

\pgfpages@shipoutshipoutbox ...physicalpagesizes }
                                                  \endgroup 
l.1516 \end{frame}
                  
pdfTeX warning (ext4): destination with the same identifier (name{page.59}) has
 been already used, duplicate ignored

\pgfpages@shipoutshipoutbox ...physicalpagesizes }
                                                  \endgroup 
l.1516 \end{frame}
                  ]

[61
pdfTeX warning (ext4): destination with the same identifier (name{Navigation60}
) has been already used, duplicate ignored

\pgfpages@shipoutshipoutbox ...physicalpagesizes }
                                                  \endgroup 
l.1528 \end{frame}
                  
pdfTeX warning (ext4): destination with the same identifier (name{page.60}) has
 been already used, duplicate ignored

\pgfpages@shipoutshipoutbox ...physicalpagesizes }
                                                  \endgroup 
l.1528 \end{frame}
                  ]
(./github_tutorial_slides.vrb)
[62
pdfTeX warning (ext4): destination with the same identifier (name{Navigation61}
) has been already used, duplicate ignored

\pgfpages@shipoutshipoutbox ...physicalpagesizes }
                                                  \endgroup 
l.1553 \end{frame}
                  
pdfTeX warning (ext4): destination with the same identifier (name{page.61}) has
 been already used, duplicate ignored

\pgfpages@shipoutshipoutbox ...physicalpagesizes }
                                                  \endgroup 
l.1553 \end{frame}
                  ]
(./github_tutorial_slides.vrb
Overfull \hbox (15.49054pt too wide) in paragraph at lines 6--16
 [] 
)
[63
pdfTeX warning (ext4): destination with the same identifier (name{Navigation62}
) has been already used, duplicate ignored

\pgfpages@shipoutshipoutbox ...physicalpagesizes }
                                                  \endgroup 
l.1581 \end{frame}
                  
pdfTeX warning (ext4): destination with the same identifier (name{page.62}) has
 been already used, duplicate ignored

\pgfpages@shipoutshipoutbox ...physicalpagesizes }
                                                  \endgroup 
l.1581 \end{frame}
                  ]
(./github_tutorial_slides.vrb)
[64
pdfTeX warning (ext4): destination with the same identifier (name{Navigation63}
) has been already used, duplicate ignored

\pgfpages@shipoutshipoutbox ...physicalpagesizes }
                                                  \endgroup 
l.1607 \end{frame}
                  
pdfTeX warning (ext4): destination with the same identifier (name{page.63}) has
 been already used, duplicate ignored

\pgfpages@shipoutshipoutbox ...physicalpagesizes }
                                                  \endgroup 
l.1607 \end{frame}
                  ]
(./github_tutorial_slides.vrb)
[65
pdfTeX warning (ext4): destination with the same identifier (name{Navigation64}
) has been already used, duplicate ignored

\pgfpages@shipoutshipoutbox ...physicalpagesizes }
                                                  \endgroup 
l.1630 \end{frame}
                  
pdfTeX warning (ext4): destination with the same identifier (name{page.64}) has
 been already used, duplicate ignored

\pgfpages@shipoutshipoutbox ...physicalpagesizes }
                                                  \endgroup 
l.1630 \end{frame}
                  ]
(./github_tutorial_slides.vrb)
[66
pdfTeX warning (ext4): destination with the same identifier (name{Navigation65}
) has been already used, duplicate ignored

\pgfpages@shipoutshipoutbox ...physicalpagesizes }
                                                  \endgroup 
l.1659 \end{frame}
                  
pdfTeX warning (ext4): destination with the same identifier (name{page.65}) has
 been already used, duplicate ignored

\pgfpages@shipoutshipoutbox ...physicalpagesizes }
                                                  \endgroup 
l.1659 \end{frame}
                  ]
(./github_tutorial_slides.vrb)
[67
pdfTeX warning (ext4): destination with the same identifier (name{Navigation66}
) has been already used, duplicate ignored

\pgfpages@shipoutshipoutbox ...physicalpagesizes }
                                                  \endgroup 
l.1687 \end{frame}
                  
pdfTeX warning (ext4): destination with the same identifier (name{page.66}) has
 been already used, duplicate ignored

\pgfpages@shipoutshipoutbox ...physicalpagesizes }
                                                  \endgroup 
l.1687 \end{frame}
                  ]
(./github_tutorial_slides.vrb)
[68
pdfTeX warning (ext4): destination with the same identifier (name{Navigation67}
) has been already used, duplicate ignored

\pgfpages@shipoutshipoutbox ...physicalpagesizes }
                                                  \endgroup 
l.1719 \end{frame}
                  
pdfTeX warning (ext4): destination with the same identifier (name{page.67}) has
 been already used, duplicate ignored

\pgfpages@shipoutshipoutbox ...physicalpagesizes }
                                                  \endgroup 
l.1719 \end{frame}
                  ]
(./github_tutorial_slides.vrb)
[69
pdfTeX warning (ext4): destination with the same identifier (name{Navigation68}
) has been already used, duplicate ignored

\pgfpages@shipoutshipoutbox ...physicalpagesizes }
                                                  \endgroup 
l.1749 \end{frame}
                  
pdfTeX warning (ext4): destination with the same identifier (name{page.68}) has
 been already used, duplicate ignored

\pgfpages@shipoutshipoutbox ...physicalpagesizes }
                                                  \endgroup 
l.1749 \end{frame}
                  ]
(./github_tutorial_slides.vrb)
[70
pdfTeX warning (ext4): destination with the same identifier (name{Navigation69}
) has been already used, duplicate ignored

\pgfpages@shipoutshipoutbox ...physicalpagesizes }
                                                  \endgroup 
l.1788 \end{frame}
                  
pdfTeX warning (ext4): destination with the same identifier (name{page.69}) has
 been already used, duplicate ignored

\pgfpages@shipoutshipoutbox ...physicalpagesizes }
                                                  \endgroup 
l.1788 \end{frame}
                  ]
(./github_tutorial_slides.vrb)
[71
pdfTeX warning (ext4): destination with the same identifier (name{Navigation70}
) has been already used, duplicate ignored

\pgfpages@shipoutshipoutbox ...physicalpagesizes }
                                                  \endgroup 
l.1823 \end{frame}
                  
pdfTeX warning (ext4): destination with the same identifier (name{page.70}) has
 been already used, duplicate ignored

\pgfpages@shipoutshipoutbox ...physicalpagesizes }
                                                  \endgroup 
l.1823 \end{frame}
                  ]

[72
pdfTeX warning (ext4): destination with the same identifier (name{Navigation71}
) has been already used, duplicate ignored

\pgfpages@shipoutshipoutbox ...physicalpagesizes }
                                                  \endgroup 
l.1839 \end{frame}
                  
pdfTeX warning (ext4): destination with the same identifier (name{page.71}) has
 been already used, duplicate ignored

\pgfpages@shipoutshipoutbox ...physicalpagesizes }
                                                  \endgroup 
l.1839 \end{frame}
                  ]

[73
pdfTeX warning (ext4): destination with the same identifier (name{Navigation72}
) has been already used, duplicate ignored

\pgfpages@shipoutshipoutbox ...physicalpagesizes }
                                                  \endgroup 
l.1856 \end{frame}
                  
pdfTeX warning (ext4): destination with the same identifier (name{page.72}) has
 been already used, duplicate ignored

\pgfpages@shipoutshipoutbox ...physicalpagesizes }
                                                  \endgroup 
l.1856 \end{frame}
                  ]
[74
pdfTeX warning (ext4): destination with the same identifier (name{Navigation73}
) has been already used, duplicate ignored

\pgfpages@shipoutshipoutbox ...physicalpagesizes }
                                                  \endgroup 
l.1858 \end{document}
                     
pdfTeX warning (ext4): destination with the same identifier (name{page.73}) has
 been already used, duplicate ignored

\pgfpages@shipoutshipoutbox ...physicalpagesizes }
                                                  \endgroup 
l.1858 \end{document}
                     ] (./github_tutorial_slides.aux) )
(see the transcript file for additional information)</usr/local/texlive/2025/te
xmf-dist/fonts/type1/public/fontawesome5/FontAwesome5Free-Solid.pfb></usr/local
/texlive/2025/texmf-dist/fonts/type1/public/amsfonts/cm/cmmi10.pfb></usr/local/
texlive/2025/texmf-dist/fonts/type1/public/amsfonts/cm/cmmi12.pfb></usr/local/t
exlive/2025/texmf-dist/fonts/type1/public/amsfonts/cm/cmsy10.pfb></usr/local/te
xlive/2025/texmf-dist/fonts/type1/public/amsfonts/symbols/msam10.pfb></usr/loca
l/texlive/2025/texmf-dist/fonts/type1/public/cm-super/sftt0800.pfb></usr/local/
texlive/2025/texmf-dist/fonts/type1/public/cm-super/sftt1000.pfb></usr/local/te
xlive/2025/texmf-dist/fonts/type1/public/cm-super/sftt1095.pfb></usr/local/texl
ive/2025/texmf-dist/fonts/type1/urw/helvetic/uhvb8a.pfb></usr/local/texlive/202
5/texmf-dist/fonts/type1/urw/helvetic/uhvbo8a.pfb></usr/local/texlive/2025/texm
f-dist/fonts/type1/urw/helvetic/uhvr8a.pfb></usr/local/texlive/2025/texmf-dist/
fonts/type1/urw/helvetic/uhvro8a.pfb>
Output written on github_tutorial_slides.pdf (73 pages, 441442 bytes).
Transcript written on github_tutorial_slides.log.
